==4864== Memcheck, a memory error detector
==4864== Copyright (C) 2002-2017, and GNU GPL'd, by Julian Seward et al.
==4864== Using Valgrind-3.18.1 and LibVEX; rerun with -h for copyright info
==4864== Command: ./NetDet lo
==4864== Parent PID: 4863
==4864== 
==4864== 
==4864== HEAP SUMMARY:
==4864==     in use at exit: 894,114 bytes in 454 blocks
==4864==   total heap usage: 883 allocs, 429 frees, 1,577,219 bytes allocated
==4864== 
==4864== 6 bytes in 1 blocks are still reachable in loss record 1 of 93
==4864==    at 0x4848899: malloc (in /usr/libexec/valgrind/vgpreload_memcheck-amd64-linux.so)
==4864==    by 0x4A6B54E: strdup (strdup.c:42)
==4864==    by 0x48B7377: ??? (in /usr/lib/x86_64-linux-gnu/libtinfo.so.6.3)
==4864==    by 0x48B9BF8: _nc_first_db (in /usr/lib/x86_64-linux-gnu/libtinfo.so.6.3)
==4864==    by 0x48C36A6: _nc_read_entry2 (in /usr/lib/x86_64-linux-gnu/libtinfo.so.6.3)
==4864==    by 0x48C3721: ??? (in /usr/lib/x86_64-linux-gnu/libtinfo.so.6.3)
==4864==    by 0x48C3876: _nc_setupterm (in /usr/lib/x86_64-linux-gnu/libtinfo.so.6.3)
==4864==    by 0x48880F2: newterm_sp (in /usr/lib/x86_64-linux-gnu/libncursesw.so.6.3)
==4864==    by 0x48895DC: newterm (in /usr/lib/x86_64-linux-gnu/libncursesw.so.6.3)
==4864==    by 0x488139F: initscr (in /usr/lib/x86_64-linux-gnu/libncursesw.so.6.3)
==4864==    by 0x10BE50: ncurses_init (init.c:187)
==4864==    by 0x10BFFA: main (main.c:33)
==4864== 
==4864== 9 bytes in 1 blocks are still reachable in loss record 2 of 93
==4864==    at 0x4848899: malloc (in /usr/libexec/valgrind/vgpreload_memcheck-amd64-linux.so)
==4864==    by 0x4A6B54E: strdup (strdup.c:42)
==4864==    by 0x48BBD5C: ??? (in /usr/lib/x86_64-linux-gnu/libtinfo.so.6.3)
==4864==    by 0x48BF0A8: _nc_tiparm (in /usr/lib/x86_64-linux-gnu/libtinfo.so.6.3)
==4864==    by 0x4888B43: newterm_sp (in /usr/lib/x86_64-linux-gnu/libncursesw.so.6.3)
==4864==    by 0x48895DC: newterm (in /usr/lib/x86_64-linux-gnu/libncursesw.so.6.3)
==4864==    by 0x488139F: initscr (in /usr/lib/x86_64-linux-gnu/libncursesw.so.6.3)
==4864==    by 0x10BE50: ncurses_init (init.c:187)
==4864==    by 0x10BFFA: main (main.c:33)
==4864== 
==4864== 9 bytes in 1 blocks are still reachable in loss record 3 of 93
==4864==    at 0x4848899: malloc (in /usr/libexec/valgrind/vgpreload_memcheck-amd64-linux.so)
==4864==    by 0x4A6B54E: strdup (strdup.c:42)
==4864==    by 0x48BBD5C: ??? (in /usr/lib/x86_64-linux-gnu/libtinfo.so.6.3)
==4864==    by 0x48BF0A8: _nc_tiparm (in /usr/lib/x86_64-linux-gnu/libtinfo.so.6.3)
==4864==    by 0x4888B7E: newterm_sp (in /usr/lib/x86_64-linux-gnu/libncursesw.so.6.3)
==4864==    by 0x48895DC: newterm (in /usr/lib/x86_64-linux-gnu/libncursesw.so.6.3)
==4864==    by 0x488139F: initscr (in /usr/lib/x86_64-linux-gnu/libncursesw.so.6.3)
==4864==    by 0x10BE50: ncurses_init (init.c:187)
==4864==    by 0x10BFFA: main (main.c:33)
==4864== 
==4864== 9 bytes in 1 blocks are still reachable in loss record 4 of 93
==4864==    at 0x4848899: malloc (in /usr/libexec/valgrind/vgpreload_memcheck-amd64-linux.so)
==4864==    by 0x4A6B54E: strdup (strdup.c:42)
==4864==    by 0x48BBD5C: ??? (in /usr/lib/x86_64-linux-gnu/libtinfo.so.6.3)
==4864==    by 0x48BF0A8: _nc_tiparm (in /usr/lib/x86_64-linux-gnu/libtinfo.so.6.3)
==4864==    by 0x4888BB9: newterm_sp (in /usr/lib/x86_64-linux-gnu/libncursesw.so.6.3)
==4864==    by 0x48895DC: newterm (in /usr/lib/x86_64-linux-gnu/libncursesw.so.6.3)
==4864==    by 0x488139F: initscr (in /usr/lib/x86_64-linux-gnu/libncursesw.so.6.3)
==4864==    by 0x10BE50: ncurses_init (init.c:187)
==4864==    by 0x10BFFA: main (main.c:33)
==4864== 
==4864== 9 bytes in 1 blocks are still reachable in loss record 5 of 93
==4864==    at 0x4848899: malloc (in /usr/libexec/valgrind/vgpreload_memcheck-amd64-linux.so)
==4864==    by 0x4A6B54E: strdup (strdup.c:42)
==4864==    by 0x48BBD5C: ??? (in /usr/lib/x86_64-linux-gnu/libtinfo.so.6.3)
==4864==    by 0x48BF0A8: _nc_tiparm (in /usr/lib/x86_64-linux-gnu/libtinfo.so.6.3)
==4864==    by 0x4888BF4: newterm_sp (in /usr/lib/x86_64-linux-gnu/libncursesw.so.6.3)
==4864==    by 0x48895DC: newterm (in /usr/lib/x86_64-linux-gnu/libncursesw.so.6.3)
==4864==    by 0x488139F: initscr (in /usr/lib/x86_64-linux-gnu/libncursesw.so.6.3)
==4864==    by 0x10BE50: ncurses_init (init.c:187)
==4864==    by 0x10BFFA: main (main.c:33)
==4864== 
==4864== 9 bytes in 1 blocks are still reachable in loss record 6 of 93
==4864==    at 0x4848899: malloc (in /usr/libexec/valgrind/vgpreload_memcheck-amd64-linux.so)
==4864==    by 0x4A6B54E: strdup (strdup.c:42)
==4864==    by 0x48BBD5C: ??? (in /usr/lib/x86_64-linux-gnu/libtinfo.so.6.3)
==4864==    by 0x48BF0A8: _nc_tiparm (in /usr/lib/x86_64-linux-gnu/libtinfo.so.6.3)
==4864==    by 0x4888DAF: newterm_sp (in /usr/lib/x86_64-linux-gnu/libncursesw.so.6.3)
==4864==    by 0x48895DC: newterm (in /usr/lib/x86_64-linux-gnu/libncursesw.so.6.3)
==4864==    by 0x488139F: initscr (in /usr/lib/x86_64-linux-gnu/libncursesw.so.6.3)
==4864==    by 0x10BE50: ncurses_init (init.c:187)
==4864==    by 0x10BFFA: main (main.c:33)
==4864== 
==4864== 9 bytes in 1 blocks are still reachable in loss record 7 of 93
==4864==    at 0x4848899: malloc (in /usr/libexec/valgrind/vgpreload_memcheck-amd64-linux.so)
==4864==    by 0x4A6B54E: strdup (strdup.c:42)
==4864==    by 0x48BBD5C: ??? (in /usr/lib/x86_64-linux-gnu/libtinfo.so.6.3)
==4864==    by 0x48BF0A8: _nc_tiparm (in /usr/lib/x86_64-linux-gnu/libtinfo.so.6.3)
==4864==    by 0x4888E00: newterm_sp (in /usr/lib/x86_64-linux-gnu/libncursesw.so.6.3)
==4864==    by 0x48895DC: newterm (in /usr/lib/x86_64-linux-gnu/libncursesw.so.6.3)
==4864==    by 0x488139F: initscr (in /usr/lib/x86_64-linux-gnu/libncursesw.so.6.3)
==4864==    by 0x10BE50: ncurses_init (init.c:187)
==4864==    by 0x10BFFA: main (main.c:33)
==4864== 
==4864== 11 bytes in 1 blocks are still reachable in loss record 8 of 93
==4864==    at 0x4848899: malloc (in /usr/libexec/valgrind/vgpreload_memcheck-amd64-linux.so)
==4864==    by 0x4A6B54E: strdup (strdup.c:42)
==4864==    by 0x48BBD5C: ??? (in /usr/lib/x86_64-linux-gnu/libtinfo.so.6.3)
==4864==    by 0x48BF0A8: _nc_tiparm (in /usr/lib/x86_64-linux-gnu/libtinfo.so.6.3)
==4864==    by 0x4888C2C: newterm_sp (in /usr/lib/x86_64-linux-gnu/libncursesw.so.6.3)
==4864==    by 0x48895DC: newterm (in /usr/lib/x86_64-linux-gnu/libncursesw.so.6.3)
==4864==    by 0x488139F: initscr (in /usr/lib/x86_64-linux-gnu/libncursesw.so.6.3)
==4864==    by 0x10BE50: ncurses_init (init.c:187)
==4864==    by 0x10BFFA: main (main.c:33)
==4864== 
==4864== 11 bytes in 1 blocks are still reachable in loss record 9 of 93
==4864==    at 0x4848899: malloc (in /usr/libexec/valgrind/vgpreload_memcheck-amd64-linux.so)
==4864==    by 0x4A6B54E: strdup (strdup.c:42)
==4864==    by 0x48BBD5C: ??? (in /usr/lib/x86_64-linux-gnu/libtinfo.so.6.3)
==4864==    by 0x48BF0A8: _nc_tiparm (in /usr/lib/x86_64-linux-gnu/libtinfo.so.6.3)
==4864==    by 0x4888C67: newterm_sp (in /usr/lib/x86_64-linux-gnu/libncursesw.so.6.3)
==4864==    by 0x48895DC: newterm (in /usr/lib/x86_64-linux-gnu/libncursesw.so.6.3)
==4864==    by 0x488139F: initscr (in /usr/lib/x86_64-linux-gnu/libncursesw.so.6.3)
==4864==    by 0x10BE50: ncurses_init (init.c:187)
==4864==    by 0x10BFFA: main (main.c:33)
==4864== 
==4864== 14 bytes in 1 blocks are still reachable in loss record 10 of 93
==4864==    at 0x4848899: malloc (in /usr/libexec/valgrind/vgpreload_memcheck-amd64-linux.so)
==4864==    by 0x4A6B54E: strdup (strdup.c:42)
==4864==    by 0x48C38BE: _nc_setupterm (in /usr/lib/x86_64-linux-gnu/libtinfo.so.6.3)
==4864==    by 0x48880F2: newterm_sp (in /usr/lib/x86_64-linux-gnu/libncursesw.so.6.3)
==4864==    by 0x48895DC: newterm (in /usr/lib/x86_64-linux-gnu/libncursesw.so.6.3)
==4864==    by 0x488139F: initscr (in /usr/lib/x86_64-linux-gnu/libncursesw.so.6.3)
==4864==    by 0x10BE50: ncurses_init (init.c:187)
==4864==    by 0x10BFFA: main (main.c:33)
==4864== 
==4864== 17 bytes in 1 blocks are still reachable in loss record 11 of 93
==4864==    at 0x4848899: malloc (in /usr/libexec/valgrind/vgpreload_memcheck-amd64-linux.so)
==4864==    by 0x4A6B54E: strdup (strdup.c:42)
==4864==    by 0x48BBD5C: ??? (in /usr/lib/x86_64-linux-gnu/libtinfo.so.6.3)
==4864==    by 0x48BF0A8: _nc_tiparm (in /usr/lib/x86_64-linux-gnu/libtinfo.so.6.3)
==4864==    by 0x4888B08: newterm_sp (in /usr/lib/x86_64-linux-gnu/libncursesw.so.6.3)
==4864==    by 0x48895DC: newterm (in /usr/lib/x86_64-linux-gnu/libncursesw.so.6.3)
==4864==    by 0x488139F: initscr (in /usr/lib/x86_64-linux-gnu/libncursesw.so.6.3)
==4864==    by 0x10BE50: ncurses_init (init.c:187)
==4864==    by 0x10BFFA: main (main.c:33)
==4864== 
==4864== 17 bytes in 1 blocks are still reachable in loss record 12 of 93
==4864==    at 0x4848899: malloc (in /usr/libexec/valgrind/vgpreload_memcheck-amd64-linux.so)
==4864==    by 0x4A6B54E: strdup (strdup.c:42)
==4864==    by 0x48BBD5C: ??? (in /usr/lib/x86_64-linux-gnu/libtinfo.so.6.3)
==4864==    by 0x48BF0A8: _nc_tiparm (in /usr/lib/x86_64-linux-gnu/libtinfo.so.6.3)
==4864==    by 0x4883506: ??? (in /usr/lib/x86_64-linux-gnu/libncursesw.so.6.3)
==4864==    by 0x488902D: newterm_sp (in /usr/lib/x86_64-linux-gnu/libncursesw.so.6.3)
==4864==    by 0x48895DC: newterm (in /usr/lib/x86_64-linux-gnu/libncursesw.so.6.3)
==4864==    by 0x488139F: initscr (in /usr/lib/x86_64-linux-gnu/libncursesw.so.6.3)
==4864==    by 0x10BE50: ncurses_init (init.c:187)
==4864==    by 0x10BFFA: main (main.c:33)
==4864== 
==4864== 18 bytes in 1 blocks are still reachable in loss record 13 of 93
==4864==    at 0x4848899: malloc (in /usr/libexec/valgrind/vgpreload_memcheck-amd64-linux.so)
==4864==    by 0x48B9624: _nc_home_terminfo (in /usr/lib/x86_64-linux-gnu/libtinfo.so.6.3)
==4864==    by 0x48B9BE2: _nc_first_db (in /usr/lib/x86_64-linux-gnu/libtinfo.so.6.3)
==4864==    by 0x48C36A6: _nc_read_entry2 (in /usr/lib/x86_64-linux-gnu/libtinfo.so.6.3)
==4864==    by 0x48C3721: ??? (in /usr/lib/x86_64-linux-gnu/libtinfo.so.6.3)
==4864==    by 0x48C3876: _nc_setupterm (in /usr/lib/x86_64-linux-gnu/libtinfo.so.6.3)
==4864==    by 0x48880F2: newterm_sp (in /usr/lib/x86_64-linux-gnu/libncursesw.so.6.3)
==4864==    by 0x48895DC: newterm (in /usr/lib/x86_64-linux-gnu/libncursesw.so.6.3)
==4864==    by 0x488139F: initscr (in /usr/lib/x86_64-linux-gnu/libncursesw.so.6.3)
==4864==    by 0x10BE50: ncurses_init (init.c:187)
==4864==    by 0x10BFFA: main (main.c:33)
==4864== 
==4864== 24 bytes in 1 blocks are still reachable in loss record 14 of 93
==4864==    at 0x4848899: malloc (in /usr/libexec/valgrind/vgpreload_memcheck-amd64-linux.so)
==4864==    by 0x4AE2F74: tsearch (tsearch.c:337)
==4864==    by 0x48BBD76: ??? (in /usr/lib/x86_64-linux-gnu/libtinfo.so.6.3)
==4864==    by 0x48BF0A8: _nc_tiparm (in /usr/lib/x86_64-linux-gnu/libtinfo.so.6.3)
==4864==    by 0x4888B08: newterm_sp (in /usr/lib/x86_64-linux-gnu/libncursesw.so.6.3)
==4864==    by 0x48895DC: newterm (in /usr/lib/x86_64-linux-gnu/libncursesw.so.6.3)
==4864==    by 0x488139F: initscr (in /usr/lib/x86_64-linux-gnu/libncursesw.so.6.3)
==4864==    by 0x10BE50: ncurses_init (init.c:187)
==4864==    by 0x10BFFA: main (main.c:33)
==4864== 
==4864== 24 bytes in 1 blocks are still reachable in loss record 15 of 93
==4864==    at 0x4848899: malloc (in /usr/libexec/valgrind/vgpreload_memcheck-amd64-linux.so)
==4864==    by 0x4AE2FDE: tsearch (tsearch.c:337)
==4864==    by 0x48BBD76: ??? (in /usr/lib/x86_64-linux-gnu/libtinfo.so.6.3)
==4864==    by 0x48BF0A8: _nc_tiparm (in /usr/lib/x86_64-linux-gnu/libtinfo.so.6.3)
==4864==    by 0x4888B43: newterm_sp (in /usr/lib/x86_64-linux-gnu/libncursesw.so.6.3)
==4864==    by 0x48895DC: newterm (in /usr/lib/x86_64-linux-gnu/libncursesw.so.6.3)
==4864==    by 0x488139F: initscr (in /usr/lib/x86_64-linux-gnu/libncursesw.so.6.3)
==4864==    by 0x10BE50: ncurses_init (init.c:187)
==4864==    by 0x10BFFA: main (main.c:33)
==4864== 
==4864== 24 bytes in 1 blocks are still reachable in loss record 16 of 93
==4864==    at 0x4848899: malloc (in /usr/libexec/valgrind/vgpreload_memcheck-amd64-linux.so)
==4864==    by 0x4AE2FDE: tsearch (tsearch.c:337)
==4864==    by 0x48BBD76: ??? (in /usr/lib/x86_64-linux-gnu/libtinfo.so.6.3)
==4864==    by 0x48BF0A8: _nc_tiparm (in /usr/lib/x86_64-linux-gnu/libtinfo.so.6.3)
==4864==    by 0x4888B7E: newterm_sp (in /usr/lib/x86_64-linux-gnu/libncursesw.so.6.3)
==4864==    by 0x48895DC: newterm (in /usr/lib/x86_64-linux-gnu/libncursesw.so.6.3)
==4864==    by 0x488139F: initscr (in /usr/lib/x86_64-linux-gnu/libncursesw.so.6.3)
==4864==    by 0x10BE50: ncurses_init (init.c:187)
==4864==    by 0x10BFFA: main (main.c:33)
==4864== 
==4864== 24 bytes in 1 blocks are still reachable in loss record 17 of 93
==4864==    at 0x4848899: malloc (in /usr/libexec/valgrind/vgpreload_memcheck-amd64-linux.so)
==4864==    by 0x4AE2FDE: tsearch (tsearch.c:337)
==4864==    by 0x48BBD76: ??? (in /usr/lib/x86_64-linux-gnu/libtinfo.so.6.3)
==4864==    by 0x48BF0A8: _nc_tiparm (in /usr/lib/x86_64-linux-gnu/libtinfo.so.6.3)
==4864==    by 0x4888BB9: newterm_sp (in /usr/lib/x86_64-linux-gnu/libncursesw.so.6.3)
==4864==    by 0x48895DC: newterm (in /usr/lib/x86_64-linux-gnu/libncursesw.so.6.3)
==4864==    by 0x488139F: initscr (in /usr/lib/x86_64-linux-gnu/libncursesw.so.6.3)
==4864==    by 0x10BE50: ncurses_init (init.c:187)
==4864==    by 0x10BFFA: main (main.c:33)
==4864== 
==4864== 24 bytes in 1 blocks are still reachable in loss record 18 of 93
==4864==    at 0x4848899: malloc (in /usr/libexec/valgrind/vgpreload_memcheck-amd64-linux.so)
==4864==    by 0x4AE2FDE: tsearch (tsearch.c:337)
==4864==    by 0x48BBD76: ??? (in /usr/lib/x86_64-linux-gnu/libtinfo.so.6.3)
==4864==    by 0x48BF0A8: _nc_tiparm (in /usr/lib/x86_64-linux-gnu/libtinfo.so.6.3)
==4864==    by 0x4888BF4: newterm_sp (in /usr/lib/x86_64-linux-gnu/libncursesw.so.6.3)
==4864==    by 0x48895DC: newterm (in /usr/lib/x86_64-linux-gnu/libncursesw.so.6.3)
==4864==    by 0x488139F: initscr (in /usr/lib/x86_64-linux-gnu/libncursesw.so.6.3)
==4864==    by 0x10BE50: ncurses_init (init.c:187)
==4864==    by 0x10BFFA: main (main.c:33)
==4864== 
==4864== 24 bytes in 1 blocks are still reachable in loss record 19 of 93
==4864==    at 0x4848899: malloc (in /usr/libexec/valgrind/vgpreload_memcheck-amd64-linux.so)
==4864==    by 0x4AE2FDE: tsearch (tsearch.c:337)
==4864==    by 0x48BBD76: ??? (in /usr/lib/x86_64-linux-gnu/libtinfo.so.6.3)
==4864==    by 0x48BF0A8: _nc_tiparm (in /usr/lib/x86_64-linux-gnu/libtinfo.so.6.3)
==4864==    by 0x4888C2C: newterm_sp (in /usr/lib/x86_64-linux-gnu/libncursesw.so.6.3)
==4864==    by 0x48895DC: newterm (in /usr/lib/x86_64-linux-gnu/libncursesw.so.6.3)
==4864==    by 0x488139F: initscr (in /usr/lib/x86_64-linux-gnu/libncursesw.so.6.3)
==4864==    by 0x10BE50: ncurses_init (init.c:187)
==4864==    by 0x10BFFA: main (main.c:33)
==4864== 
==4864== 24 bytes in 1 blocks are still reachable in loss record 20 of 93
==4864==    at 0x4848899: malloc (in /usr/libexec/valgrind/vgpreload_memcheck-amd64-linux.so)
==4864==    by 0x4AE2FDE: tsearch (tsearch.c:337)
==4864==    by 0x48BBD76: ??? (in /usr/lib/x86_64-linux-gnu/libtinfo.so.6.3)
==4864==    by 0x48BF0A8: _nc_tiparm (in /usr/lib/x86_64-linux-gnu/libtinfo.so.6.3)
==4864==    by 0x4888C67: newterm_sp (in /usr/lib/x86_64-linux-gnu/libncursesw.so.6.3)
==4864==    by 0x48895DC: newterm (in /usr/lib/x86_64-linux-gnu/libncursesw.so.6.3)
==4864==    by 0x488139F: initscr (in /usr/lib/x86_64-linux-gnu/libncursesw.so.6.3)
==4864==    by 0x10BE50: ncurses_init (init.c:187)
==4864==    by 0x10BFFA: main (main.c:33)
==4864== 
==4864== 24 bytes in 1 blocks are still reachable in loss record 21 of 93
==4864==    at 0x4848899: malloc (in /usr/libexec/valgrind/vgpreload_memcheck-amd64-linux.so)
==4864==    by 0x4AE2FDE: tsearch (tsearch.c:337)
==4864==    by 0x48BBD76: ??? (in /usr/lib/x86_64-linux-gnu/libtinfo.so.6.3)
==4864==    by 0x48BF0A8: _nc_tiparm (in /usr/lib/x86_64-linux-gnu/libtinfo.so.6.3)
==4864==    by 0x4888DAF: newterm_sp (in /usr/lib/x86_64-linux-gnu/libncursesw.so.6.3)
==4864==    by 0x48895DC: newterm (in /usr/lib/x86_64-linux-gnu/libncursesw.so.6.3)
==4864==    by 0x488139F: initscr (in /usr/lib/x86_64-linux-gnu/libncursesw.so.6.3)
==4864==    by 0x10BE50: ncurses_init (init.c:187)
==4864==    by 0x10BFFA: main (main.c:33)
==4864== 
==4864== 24 bytes in 1 blocks are still reachable in loss record 22 of 93
==4864==    at 0x4848899: malloc (in /usr/libexec/valgrind/vgpreload_memcheck-amd64-linux.so)
==4864==    by 0x4AE2FDE: tsearch (tsearch.c:337)
==4864==    by 0x48BBD76: ??? (in /usr/lib/x86_64-linux-gnu/libtinfo.so.6.3)
==4864==    by 0x48BF0A8: _nc_tiparm (in /usr/lib/x86_64-linux-gnu/libtinfo.so.6.3)
==4864==    by 0x4888E00: newterm_sp (in /usr/lib/x86_64-linux-gnu/libncursesw.so.6.3)
==4864==    by 0x48895DC: newterm (in /usr/lib/x86_64-linux-gnu/libncursesw.so.6.3)
==4864==    by 0x488139F: initscr (in /usr/lib/x86_64-linux-gnu/libncursesw.so.6.3)
==4864==    by 0x10BE50: ncurses_init (init.c:187)
==4864==    by 0x10BFFA: main (main.c:33)
==4864== 
==4864== 24 bytes in 1 blocks are still reachable in loss record 23 of 93
==4864==    at 0x4848899: malloc (in /usr/libexec/valgrind/vgpreload_memcheck-amd64-linux.so)
==4864==    by 0x4AE2FDE: tsearch (tsearch.c:337)
==4864==    by 0x48BBD76: ??? (in /usr/lib/x86_64-linux-gnu/libtinfo.so.6.3)
==4864==    by 0x48BF0A8: _nc_tiparm (in /usr/lib/x86_64-linux-gnu/libtinfo.so.6.3)
==4864==    by 0x4883506: ??? (in /usr/lib/x86_64-linux-gnu/libncursesw.so.6.3)
==4864==    by 0x488902D: newterm_sp (in /usr/lib/x86_64-linux-gnu/libncursesw.so.6.3)
==4864==    by 0x48895DC: newterm (in /usr/lib/x86_64-linux-gnu/libncursesw.so.6.3)
==4864==    by 0x488139F: initscr (in /usr/lib/x86_64-linux-gnu/libncursesw.so.6.3)
==4864==    by 0x10BE50: ncurses_init (init.c:187)
==4864==    by 0x10BFFA: main (main.c:33)
==4864== 
==4864== 24 bytes in 1 blocks are still reachable in loss record 24 of 93
==4864==    at 0x484DA83: calloc (in /usr/libexec/valgrind/vgpreload_memcheck-amd64-linux.so)
==4864==    by 0x48B79C9: _nc_add_to_try (in /usr/lib/x86_64-linux-gnu/libtinfo.so.6.3)
==4864==    by 0x48C4222: _nc_keypad (in /usr/lib/x86_64-linux-gnu/libtinfo.so.6.3)
==4864==    by 0x10BE6E: ncurses_init (init.c:190)
==4864==    by 0x10BFFA: main (main.c:33)
==4864== 
==4864== 24 bytes in 1 blocks are still reachable in loss record 25 of 93
==4864==    at 0x4848899: malloc (in /usr/libexec/valgrind/vgpreload_memcheck-amd64-linux.so)
==4864==    by 0x4AE2FDE: tsearch (tsearch.c:337)
==4864==    by 0x48786C8: ??? (in /usr/lib/x86_64-linux-gnu/libncursesw.so.6.3)
==4864==    by 0x10BEA3: ncurses_init (init.c:196)
==4864==    by 0x10BFFA: main (main.c:33)
==4864== 
==4864== 24 bytes in 1 blocks are still reachable in loss record 26 of 93
==4864==    at 0x4848899: malloc (in /usr/libexec/valgrind/vgpreload_memcheck-amd64-linux.so)
==4864==    by 0x4AE2FDE: tsearch (tsearch.c:337)
==4864==    by 0x48786C8: ??? (in /usr/lib/x86_64-linux-gnu/libncursesw.so.6.3)
==4864==    by 0x10BEB7: ncurses_init (init.c:197)
==4864==    by 0x10BFFA: main (main.c:33)
==4864== 
==4864== 24 bytes in 1 blocks are still reachable in loss record 27 of 93
==4864==    at 0x4848899: malloc (in /usr/libexec/valgrind/vgpreload_memcheck-amd64-linux.so)
==4864==    by 0x4AE2FDE: tsearch (tsearch.c:337)
==4864==    by 0x48786C8: ??? (in /usr/lib/x86_64-linux-gnu/libncursesw.so.6.3)
==4864==    by 0x10BEF3: ncurses_init (init.c:200)
==4864==    by 0x10BFFA: main (main.c:33)
==4864== 
==4864== 24 bytes in 1 blocks are still reachable in loss record 28 of 93
==4864==    at 0x4848899: malloc (in /usr/libexec/valgrind/vgpreload_memcheck-amd64-linux.so)
==4864==    by 0x4AE2FDE: tsearch (tsearch.c:337)
==4864==    by 0x48786C8: ??? (in /usr/lib/x86_64-linux-gnu/libncursesw.so.6.3)
==4864==    by 0x10BF1B: ncurses_init (init.c:202)
==4864==    by 0x10BFFA: main (main.c:33)
==4864== 
==4864== 24 bytes in 1 blocks are still reachable in loss record 29 of 93
==4864==    at 0x4848899: malloc (in /usr/libexec/valgrind/vgpreload_memcheck-amd64-linux.so)
==4864==    by 0x4AE2FDE: tsearch (tsearch.c:337)
==4864==    by 0x48786C8: ??? (in /usr/lib/x86_64-linux-gnu/libncursesw.so.6.3)
==4864==    by 0x10BF2F: ncurses_init (init.c:203)
==4864==    by 0x10BFFA: main (main.c:33)
==4864== 
==4864== 24 bytes in 1 blocks are still reachable in loss record 30 of 93
==4864==    at 0x4848899: malloc (in /usr/libexec/valgrind/vgpreload_memcheck-amd64-linux.so)
==4864==    by 0x4AE2FDE: tsearch (tsearch.c:337)
==4864==    by 0x48786C8: ??? (in /usr/lib/x86_64-linux-gnu/libncursesw.so.6.3)
==4864==    by 0x10BF43: ncurses_init (init.c:204)
==4864==    by 0x10BFFA: main (main.c:33)
==4864== 
==4864== 24 bytes in 1 blocks are possibly lost in loss record 31 of 93
==4864==    at 0x4848899: malloc (in /usr/libexec/valgrind/vgpreload_memcheck-amd64-linux.so)
==4864==    by 0x4AE2F74: tsearch (tsearch.c:337)
==4864==    by 0x48786C8: ??? (in /usr/lib/x86_64-linux-gnu/libncursesw.so.6.3)
==4864==    by 0x489C361: assume_default_colors_sp (in /usr/lib/x86_64-linux-gnu/libncursesw.so.6.3)
==4864==    by 0x10BE8F: ncurses_init (init.c:195)
==4864==    by 0x10BFFA: main (main.c:33)
==4864== 
==4864== 24 bytes in 1 blocks are possibly lost in loss record 32 of 93
==4864==    at 0x4848899: malloc (in /usr/libexec/valgrind/vgpreload_memcheck-amd64-linux.so)
==4864==    by 0x4AE2FDE: tsearch (tsearch.c:337)
==4864==    by 0x48786C8: ??? (in /usr/lib/x86_64-linux-gnu/libncursesw.so.6.3)
==4864==    by 0x10BECB: ncurses_init (init.c:198)
==4864==    by 0x10BFFA: main (main.c:33)
==4864== 
==4864== 24 bytes in 1 blocks are possibly lost in loss record 33 of 93
==4864==    at 0x4848899: malloc (in /usr/libexec/valgrind/vgpreload_memcheck-amd64-linux.so)
==4864==    by 0x4AE2FDE: tsearch (tsearch.c:337)
==4864==    by 0x48786C8: ??? (in /usr/lib/x86_64-linux-gnu/libncursesw.so.6.3)
==4864==    by 0x10BEDF: ncurses_init (init.c:199)
==4864==    by 0x10BFFA: main (main.c:33)
==4864== 
==4864== 24 bytes in 1 blocks are possibly lost in loss record 34 of 93
==4864==    at 0x4848899: malloc (in /usr/libexec/valgrind/vgpreload_memcheck-amd64-linux.so)
==4864==    by 0x4AE2FDE: tsearch (tsearch.c:337)
==4864==    by 0x48786C8: ??? (in /usr/lib/x86_64-linux-gnu/libncursesw.so.6.3)
==4864==    by 0x10BF07: ncurses_init (init.c:201)
==4864==    by 0x10BFFA: main (main.c:33)
==4864== 
==4864== 24 bytes in 1 blocks are possibly lost in loss record 35 of 93
==4864==    at 0x4848899: malloc (in /usr/libexec/valgrind/vgpreload_memcheck-amd64-linux.so)
==4864==    by 0x4AE2FDE: tsearch (tsearch.c:337)
==4864==    by 0x48BBD76: ??? (in /usr/lib/x86_64-linux-gnu/libtinfo.so.6.3)
==4864==    by 0x48BF0A8: _nc_tiparm (in /usr/lib/x86_64-linux-gnu/libtinfo.so.6.3)
==4864==    by 0x4875B3B: ??? (in /usr/lib/x86_64-linux-gnu/libncursesw.so.6.3)
==4864==    by 0x4877F0D: ??? (in /usr/lib/x86_64-linux-gnu/libncursesw.so.6.3)
==4864==    by 0x488C990: vid_puts_sp (in /usr/lib/x86_64-linux-gnu/libncursesw.so.6.3)
==4864==    by 0x4892042: ??? (in /usr/lib/x86_64-linux-gnu/libncursesw.so.6.3)
==4864==    by 0x48948F6: ??? (in /usr/lib/x86_64-linux-gnu/libncursesw.so.6.3)
==4864==    by 0x4895D0C: doupdate_sp (in /usr/lib/x86_64-linux-gnu/libncursesw.so.6.3)
==4864==    by 0x10E0D0: draw (tui.c:143)
==4864==    by 0x10C022: main (main.c:36)
==4864== 
==4864== 24 bytes in 1 blocks are possibly lost in loss record 36 of 93
==4864==    at 0x4848899: malloc (in /usr/libexec/valgrind/vgpreload_memcheck-amd64-linux.so)
==4864==    by 0x4AE2FDE: tsearch (tsearch.c:337)
==4864==    by 0x48BBD76: ??? (in /usr/lib/x86_64-linux-gnu/libtinfo.so.6.3)
==4864==    by 0x48BF0A8: _nc_tiparm (in /usr/lib/x86_64-linux-gnu/libtinfo.so.6.3)
==4864==    by 0x4875ABB: ??? (in /usr/lib/x86_64-linux-gnu/libncursesw.so.6.3)
==4864==    by 0x488C990: vid_puts_sp (in /usr/lib/x86_64-linux-gnu/libncursesw.so.6.3)
==4864==    by 0x4892042: ??? (in /usr/lib/x86_64-linux-gnu/libncursesw.so.6.3)
==4864==    by 0x4894CBC: ??? (in /usr/lib/x86_64-linux-gnu/libncursesw.so.6.3)
==4864==    by 0x4895575: doupdate_sp (in /usr/lib/x86_64-linux-gnu/libncursesw.so.6.3)
==4864==    by 0x10E0D0: draw (tui.c:143)
==4864==    by 0x10C10B: main (main.c:53)
==4864== 
==4864== 28 bytes in 1 blocks are still reachable in loss record 37 of 93
==4864==    at 0x484DA83: calloc (in /usr/libexec/valgrind/vgpreload_memcheck-amd64-linux.so)
==4864==    by 0x4888196: newterm_sp (in /usr/lib/x86_64-linux-gnu/libncursesw.so.6.3)
==4864==    by 0x48895DC: newterm (in /usr/lib/x86_64-linux-gnu/libncursesw.so.6.3)
==4864==    by 0x488139F: initscr (in /usr/lib/x86_64-linux-gnu/libncursesw.so.6.3)
==4864==    by 0x10BE50: ncurses_init (init.c:187)
==4864==    by 0x10BFFA: main (main.c:33)
==4864== 
==4864== 32 bytes in 1 blocks are still reachable in loss record 38 of 93
==4864==    at 0x4848899: malloc (in /usr/libexec/valgrind/vgpreload_memcheck-amd64-linux.so)
==4864==    by 0x486831B: new_panel (in /usr/lib/x86_64-linux-gnu/libpanelw.so.6.3)
==4864==    by 0x10B7E3: main_init (init.c:61)
==4864==    by 0x10C013: main (main.c:34)
==4864== 
==4864== 46 bytes in 1 blocks are still reachable in loss record 39 of 93
==4864==    at 0x484DCD3: realloc (in /usr/libexec/valgrind/vgpreload_memcheck-amd64-linux.so)
==4864==    by 0x48B86CC: _nc_doalloc (in /usr/lib/x86_64-linux-gnu/libtinfo.so.6.3)
==4864==    by 0x48C317F: _nc_read_termtype (in /usr/lib/x86_64-linux-gnu/libtinfo.so.6.3)
==4864==    by 0x48C353A: ??? (in /usr/lib/x86_64-linux-gnu/libtinfo.so.6.3)
==4864==    by 0x48C5C50: ??? (in /usr/lib/x86_64-linux-gnu/libtinfo.so.6.3)
==4864==    by 0x48C36CB: _nc_read_entry2 (in /usr/lib/x86_64-linux-gnu/libtinfo.so.6.3)
==4864==    by 0x48C3721: ??? (in /usr/lib/x86_64-linux-gnu/libtinfo.so.6.3)
==4864==    by 0x48C3876: _nc_setupterm (in /usr/lib/x86_64-linux-gnu/libtinfo.so.6.3)
==4864==    by 0x48880F2: newterm_sp (in /usr/lib/x86_64-linux-gnu/libncursesw.so.6.3)
==4864==    by 0x48895DC: newterm (in /usr/lib/x86_64-linux-gnu/libncursesw.so.6.3)
==4864==    by 0x488139F: initscr (in /usr/lib/x86_64-linux-gnu/libncursesw.so.6.3)
==4864==    by 0x10BE50: ncurses_init (init.c:187)
==4864== 
==4864== 46 bytes in 1 blocks are still reachable in loss record 40 of 93
==4864==    at 0x4848899: malloc (in /usr/libexec/valgrind/vgpreload_memcheck-amd64-linux.so)
==4864==    by 0x48B7FDE: ??? (in /usr/lib/x86_64-linux-gnu/libtinfo.so.6.3)
==4864==    by 0x48C388D: _nc_setupterm (in /usr/lib/x86_64-linux-gnu/libtinfo.so.6.3)
==4864==    by 0x48880F2: newterm_sp (in /usr/lib/x86_64-linux-gnu/libncursesw.so.6.3)
==4864==    by 0x48895DC: newterm (in /usr/lib/x86_64-linux-gnu/libncursesw.so.6.3)
==4864==    by 0x488139F: initscr (in /usr/lib/x86_64-linux-gnu/libncursesw.so.6.3)
==4864==    by 0x10BE50: ncurses_init (init.c:187)
==4864==    by 0x10BFFA: main (main.c:33)
==4864== 
==4864== 48 bytes in 1 blocks are still reachable in loss record 41 of 93
==4864==    at 0x484DA83: calloc (in /usr/libexec/valgrind/vgpreload_memcheck-amd64-linux.so)
==4864==    by 0x48B9833: _nc_first_db (in /usr/lib/x86_64-linux-gnu/libtinfo.so.6.3)
==4864==    by 0x48C36A6: _nc_read_entry2 (in /usr/lib/x86_64-linux-gnu/libtinfo.so.6.3)
==4864==    by 0x48C3721: ??? (in /usr/lib/x86_64-linux-gnu/libtinfo.so.6.3)
==4864==    by 0x48C3876: _nc_setupterm (in /usr/lib/x86_64-linux-gnu/libtinfo.so.6.3)
==4864==    by 0x48880F2: newterm_sp (in /usr/lib/x86_64-linux-gnu/libncursesw.so.6.3)
==4864==    by 0x48895DC: newterm (in /usr/lib/x86_64-linux-gnu/libncursesw.so.6.3)
==4864==    by 0x488139F: initscr (in /usr/lib/x86_64-linux-gnu/libncursesw.so.6.3)
==4864==    by 0x10BE50: ncurses_init (init.c:187)
==4864==    by 0x10BFFA: main (main.c:33)
==4864== 
==4864== 63 bytes in 1 blocks are possibly lost in loss record 42 of 93
==4864==    at 0x4848899: malloc (in /usr/libexec/valgrind/vgpreload_memcheck-amd64-linux.so)
==4864==    by 0x4A6B54E: strdup (strdup.c:42)
==4864==    by 0x48BBD5C: ??? (in /usr/lib/x86_64-linux-gnu/libtinfo.so.6.3)
==4864==    by 0x48BF0A8: _nc_tiparm (in /usr/lib/x86_64-linux-gnu/libtinfo.so.6.3)
==4864==    by 0x4875B3B: ??? (in /usr/lib/x86_64-linux-gnu/libncursesw.so.6.3)
==4864==    by 0x4877F0D: ??? (in /usr/lib/x86_64-linux-gnu/libncursesw.so.6.3)
==4864==    by 0x488C990: vid_puts_sp (in /usr/lib/x86_64-linux-gnu/libncursesw.so.6.3)
==4864==    by 0x4892042: ??? (in /usr/lib/x86_64-linux-gnu/libncursesw.so.6.3)
==4864==    by 0x48948F6: ??? (in /usr/lib/x86_64-linux-gnu/libncursesw.so.6.3)
==4864==    by 0x4895D0C: doupdate_sp (in /usr/lib/x86_64-linux-gnu/libncursesw.so.6.3)
==4864==    by 0x10E0D0: draw (tui.c:143)
==4864==    by 0x10C022: main (main.c:36)
==4864== 
==4864== 64 bytes in 1 blocks are possibly lost in loss record 43 of 93
==4864==    at 0x4848899: malloc (in /usr/libexec/valgrind/vgpreload_memcheck-amd64-linux.so)
==4864==    by 0x4A6B54E: strdup (strdup.c:42)
==4864==    by 0x48BBD5C: ??? (in /usr/lib/x86_64-linux-gnu/libtinfo.so.6.3)
==4864==    by 0x48BF0A8: _nc_tiparm (in /usr/lib/x86_64-linux-gnu/libtinfo.so.6.3)
==4864==    by 0x4875ABB: ??? (in /usr/lib/x86_64-linux-gnu/libncursesw.so.6.3)
==4864==    by 0x488C990: vid_puts_sp (in /usr/lib/x86_64-linux-gnu/libncursesw.so.6.3)
==4864==    by 0x4892042: ??? (in /usr/lib/x86_64-linux-gnu/libncursesw.so.6.3)
==4864==    by 0x4894CBC: ??? (in /usr/lib/x86_64-linux-gnu/libncursesw.so.6.3)
==4864==    by 0x4895575: doupdate_sp (in /usr/lib/x86_64-linux-gnu/libncursesw.so.6.3)
==4864==    by 0x10E0D0: draw (tui.c:143)
==4864==    by 0x10C10B: main (main.c:53)
==4864== 
==4864== 70 bytes in 1 blocks are still reachable in loss record 44 of 93
==4864==    at 0x484DCD3: realloc (in /usr/libexec/valgrind/vgpreload_memcheck-amd64-linux.so)
==4864==    by 0x48B86CC: _nc_doalloc (in /usr/lib/x86_64-linux-gnu/libtinfo.so.6.3)
==4864==    by 0x48BF741: _nc_tiparm (in /usr/lib/x86_64-linux-gnu/libtinfo.so.6.3)
==4864==    by 0x4888B08: newterm_sp (in /usr/lib/x86_64-linux-gnu/libncursesw.so.6.3)
==4864==    by 0x48895DC: newterm (in /usr/lib/x86_64-linux-gnu/libncursesw.so.6.3)
==4864==    by 0x488139F: initscr (in /usr/lib/x86_64-linux-gnu/libncursesw.so.6.3)
==4864==    by 0x10BE50: ncurses_init (init.c:187)
==4864==    by 0x10BFFA: main (main.c:33)
==4864== 
==4864== 80 bytes in 1 blocks are still reachable in loss record 45 of 93
==4864==    at 0x4848899: malloc (in /usr/libexec/valgrind/vgpreload_memcheck-amd64-linux.so)
==4864==    by 0x48B804B: ??? (in /usr/lib/x86_64-linux-gnu/libtinfo.so.6.3)
==4864==    by 0x48C388D: _nc_setupterm (in /usr/lib/x86_64-linux-gnu/libtinfo.so.6.3)
==4864==    by 0x48880F2: newterm_sp (in /usr/lib/x86_64-linux-gnu/libncursesw.so.6.3)
==4864==    by 0x48895DC: newterm (in /usr/lib/x86_64-linux-gnu/libncursesw.so.6.3)
==4864==    by 0x488139F: initscr (in /usr/lib/x86_64-linux-gnu/libncursesw.so.6.3)
==4864==    by 0x10BE50: ncurses_init (init.c:187)
==4864==    by 0x10BFFA: main (main.c:33)
==4864== 
==4864== 82 bytes in 1 blocks are still reachable in loss record 46 of 93
==4864==    at 0x484DCD3: realloc (in /usr/libexec/valgrind/vgpreload_memcheck-amd64-linux.so)
==4864==    by 0x48B86CC: _nc_doalloc (in /usr/lib/x86_64-linux-gnu/libtinfo.so.6.3)
==4864==    by 0x48BB95B: _nc_tparm_analyze (in /usr/lib/x86_64-linux-gnu/libtinfo.so.6.3)
==4864==    by 0x48BBC62: ??? (in /usr/lib/x86_64-linux-gnu/libtinfo.so.6.3)
==4864==    by 0x48BF0A8: _nc_tiparm (in /usr/lib/x86_64-linux-gnu/libtinfo.so.6.3)
==4864==    by 0x4875B3B: ??? (in /usr/lib/x86_64-linux-gnu/libncursesw.so.6.3)
==4864==    by 0x4877F0D: ??? (in /usr/lib/x86_64-linux-gnu/libncursesw.so.6.3)
==4864==    by 0x488C990: vid_puts_sp (in /usr/lib/x86_64-linux-gnu/libncursesw.so.6.3)
==4864==    by 0x4892042: ??? (in /usr/lib/x86_64-linux-gnu/libncursesw.so.6.3)
==4864==    by 0x48948F6: ??? (in /usr/lib/x86_64-linux-gnu/libncursesw.so.6.3)
==4864==    by 0x4895D0C: doupdate_sp (in /usr/lib/x86_64-linux-gnu/libncursesw.so.6.3)
==4864==    by 0x10E0D0: draw (tui.c:143)
==4864== 
==4864== 87 bytes in 1 blocks are still reachable in loss record 47 of 93
==4864==    at 0x4848899: malloc (in /usr/libexec/valgrind/vgpreload_memcheck-amd64-linux.so)
==4864==    by 0x48B979A: _nc_first_db (in /usr/lib/x86_64-linux-gnu/libtinfo.so.6.3)
==4864==    by 0x48C36A6: _nc_read_entry2 (in /usr/lib/x86_64-linux-gnu/libtinfo.so.6.3)
==4864==    by 0x48C3721: ??? (in /usr/lib/x86_64-linux-gnu/libtinfo.so.6.3)
==4864==    by 0x48C3876: _nc_setupterm (in /usr/lib/x86_64-linux-gnu/libtinfo.so.6.3)
==4864==    by 0x48880F2: newterm_sp (in /usr/lib/x86_64-linux-gnu/libncursesw.so.6.3)
==4864==    by 0x48895DC: newterm (in /usr/lib/x86_64-linux-gnu/libncursesw.so.6.3)
==4864==    by 0x488139F: initscr (in /usr/lib/x86_64-linux-gnu/libncursesw.so.6.3)
==4864==    by 0x10BE50: ncurses_init (init.c:187)
==4864==    by 0x10BFFA: main (main.c:33)
==4864== 
==4864== 128 bytes in 1 blocks are still reachable in loss record 48 of 93
==4864==    at 0x484DA83: calloc (in /usr/libexec/valgrind/vgpreload_memcheck-amd64-linux.so)
==4864==    by 0x4888163: newterm_sp (in /usr/lib/x86_64-linux-gnu/libncursesw.so.6.3)
==4864==    by 0x48895DC: newterm (in /usr/lib/x86_64-linux-gnu/libncursesw.so.6.3)
==4864==    by 0x488139F: initscr (in /usr/lib/x86_64-linux-gnu/libncursesw.so.6.3)
==4864==    by 0x10BE50: ncurses_init (init.c:187)
==4864==    by 0x10BFFA: main (main.c:33)
==4864== 
==4864== 160 bytes in 1 blocks are still reachable in loss record 49 of 93
==4864==    at 0x484DCD3: realloc (in /usr/libexec/valgrind/vgpreload_memcheck-amd64-linux.so)
==4864==    by 0x48B86CC: _nc_doalloc (in /usr/lib/x86_64-linux-gnu/libtinfo.so.6.3)
==4864==    by 0x48C31A7: _nc_read_termtype (in /usr/lib/x86_64-linux-gnu/libtinfo.so.6.3)
==4864==    by 0x48C353A: ??? (in /usr/lib/x86_64-linux-gnu/libtinfo.so.6.3)
==4864==    by 0x48C5C50: ??? (in /usr/lib/x86_64-linux-gnu/libtinfo.so.6.3)
==4864==    by 0x48C36CB: _nc_read_entry2 (in /usr/lib/x86_64-linux-gnu/libtinfo.so.6.3)
==4864==    by 0x48C3721: ??? (in /usr/lib/x86_64-linux-gnu/libtinfo.so.6.3)
==4864==    by 0x48C3876: _nc_setupterm (in /usr/lib/x86_64-linux-gnu/libtinfo.so.6.3)
==4864==    by 0x48880F2: newterm_sp (in /usr/lib/x86_64-linux-gnu/libncursesw.so.6.3)
==4864==    by 0x48895DC: newterm (in /usr/lib/x86_64-linux-gnu/libncursesw.so.6.3)
==4864==    by 0x488139F: initscr (in /usr/lib/x86_64-linux-gnu/libncursesw.so.6.3)
==4864==    by 0x10BE50: ncurses_init (init.c:187)
==4864== 
==4864== 168 bytes in 1 blocks are still reachable in loss record 50 of 93
==4864==    at 0x484DA83: calloc (in /usr/libexec/valgrind/vgpreload_memcheck-amd64-linux.so)
==4864==    by 0x48BBCD5: ??? (in /usr/lib/x86_64-linux-gnu/libtinfo.so.6.3)
==4864==    by 0x48BF0A8: _nc_tiparm (in /usr/lib/x86_64-linux-gnu/libtinfo.so.6.3)
==4864==    by 0x4888B08: newterm_sp (in /usr/lib/x86_64-linux-gnu/libncursesw.so.6.3)
==4864==    by 0x48895DC: newterm (in /usr/lib/x86_64-linux-gnu/libncursesw.so.6.3)
==4864==    by 0x488139F: initscr (in /usr/lib/x86_64-linux-gnu/libncursesw.so.6.3)
==4864==    by 0x10BE50: ncurses_init (init.c:187)
==4864==    by 0x10BFFA: main (main.c:33)
==4864== 
==4864== 168 bytes in 1 blocks are still reachable in loss record 51 of 93
==4864==    at 0x484DA83: calloc (in /usr/libexec/valgrind/vgpreload_memcheck-amd64-linux.so)
==4864==    by 0x48BBCD5: ??? (in /usr/lib/x86_64-linux-gnu/libtinfo.so.6.3)
==4864==    by 0x48BF0A8: _nc_tiparm (in /usr/lib/x86_64-linux-gnu/libtinfo.so.6.3)
==4864==    by 0x4888B43: newterm_sp (in /usr/lib/x86_64-linux-gnu/libncursesw.so.6.3)
==4864==    by 0x48895DC: newterm (in /usr/lib/x86_64-linux-gnu/libncursesw.so.6.3)
==4864==    by 0x488139F: initscr (in /usr/lib/x86_64-linux-gnu/libncursesw.so.6.3)
==4864==    by 0x10BE50: ncurses_init (init.c:187)
==4864==    by 0x10BFFA: main (main.c:33)
==4864== 
==4864== 168 bytes in 1 blocks are still reachable in loss record 52 of 93
==4864==    at 0x484DA83: calloc (in /usr/libexec/valgrind/vgpreload_memcheck-amd64-linux.so)
==4864==    by 0x48BBCD5: ??? (in /usr/lib/x86_64-linux-gnu/libtinfo.so.6.3)
==4864==    by 0x48BF0A8: _nc_tiparm (in /usr/lib/x86_64-linux-gnu/libtinfo.so.6.3)
==4864==    by 0x4888B7E: newterm_sp (in /usr/lib/x86_64-linux-gnu/libncursesw.so.6.3)
==4864==    by 0x48895DC: newterm (in /usr/lib/x86_64-linux-gnu/libncursesw.so.6.3)
==4864==    by 0x488139F: initscr (in /usr/lib/x86_64-linux-gnu/libncursesw.so.6.3)
==4864==    by 0x10BE50: ncurses_init (init.c:187)
==4864==    by 0x10BFFA: main (main.c:33)
==4864== 
==4864== 168 bytes in 1 blocks are still reachable in loss record 53 of 93
==4864==    at 0x484DA83: calloc (in /usr/libexec/valgrind/vgpreload_memcheck-amd64-linux.so)
==4864==    by 0x48BBCD5: ??? (in /usr/lib/x86_64-linux-gnu/libtinfo.so.6.3)
==4864==    by 0x48BF0A8: _nc_tiparm (in /usr/lib/x86_64-linux-gnu/libtinfo.so.6.3)
==4864==    by 0x4888BB9: newterm_sp (in /usr/lib/x86_64-linux-gnu/libncursesw.so.6.3)
==4864==    by 0x48895DC: newterm (in /usr/lib/x86_64-linux-gnu/libncursesw.so.6.3)
==4864==    by 0x488139F: initscr (in /usr/lib/x86_64-linux-gnu/libncursesw.so.6.3)
==4864==    by 0x10BE50: ncurses_init (init.c:187)
==4864==    by 0x10BFFA: main (main.c:33)
==4864== 
==4864== 168 bytes in 1 blocks are still reachable in loss record 54 of 93
==4864==    at 0x484DA83: calloc (in /usr/libexec/valgrind/vgpreload_memcheck-amd64-linux.so)
==4864==    by 0x48BBCD5: ??? (in /usr/lib/x86_64-linux-gnu/libtinfo.so.6.3)
==4864==    by 0x48BF0A8: _nc_tiparm (in /usr/lib/x86_64-linux-gnu/libtinfo.so.6.3)
==4864==    by 0x4888BF4: newterm_sp (in /usr/lib/x86_64-linux-gnu/libncursesw.so.6.3)
==4864==    by 0x48895DC: newterm (in /usr/lib/x86_64-linux-gnu/libncursesw.so.6.3)
==4864==    by 0x488139F: initscr (in /usr/lib/x86_64-linux-gnu/libncursesw.so.6.3)
==4864==    by 0x10BE50: ncurses_init (init.c:187)
==4864==    by 0x10BFFA: main (main.c:33)
==4864== 
==4864== 168 bytes in 1 blocks are still reachable in loss record 55 of 93
==4864==    at 0x484DA83: calloc (in /usr/libexec/valgrind/vgpreload_memcheck-amd64-linux.so)
==4864==    by 0x48BBCD5: ??? (in /usr/lib/x86_64-linux-gnu/libtinfo.so.6.3)
==4864==    by 0x48BF0A8: _nc_tiparm (in /usr/lib/x86_64-linux-gnu/libtinfo.so.6.3)
==4864==    by 0x4888C2C: newterm_sp (in /usr/lib/x86_64-linux-gnu/libncursesw.so.6.3)
==4864==    by 0x48895DC: newterm (in /usr/lib/x86_64-linux-gnu/libncursesw.so.6.3)
==4864==    by 0x488139F: initscr (in /usr/lib/x86_64-linux-gnu/libncursesw.so.6.3)
==4864==    by 0x10BE50: ncurses_init (init.c:187)
==4864==    by 0x10BFFA: main (main.c:33)
==4864== 
==4864== 168 bytes in 1 blocks are still reachable in loss record 56 of 93
==4864==    at 0x484DA83: calloc (in /usr/libexec/valgrind/vgpreload_memcheck-amd64-linux.so)
==4864==    by 0x48BBCD5: ??? (in /usr/lib/x86_64-linux-gnu/libtinfo.so.6.3)
==4864==    by 0x48BF0A8: _nc_tiparm (in /usr/lib/x86_64-linux-gnu/libtinfo.so.6.3)
==4864==    by 0x4888C67: newterm_sp (in /usr/lib/x86_64-linux-gnu/libncursesw.so.6.3)
==4864==    by 0x48895DC: newterm (in /usr/lib/x86_64-linux-gnu/libncursesw.so.6.3)
==4864==    by 0x488139F: initscr (in /usr/lib/x86_64-linux-gnu/libncursesw.so.6.3)
==4864==    by 0x10BE50: ncurses_init (init.c:187)
==4864==    by 0x10BFFA: main (main.c:33)
==4864== 
==4864== 168 bytes in 1 blocks are still reachable in loss record 57 of 93
==4864==    at 0x484DA83: calloc (in /usr/libexec/valgrind/vgpreload_memcheck-amd64-linux.so)
==4864==    by 0x48BBCD5: ??? (in /usr/lib/x86_64-linux-gnu/libtinfo.so.6.3)
==4864==    by 0x48BF0A8: _nc_tiparm (in /usr/lib/x86_64-linux-gnu/libtinfo.so.6.3)
==4864==    by 0x4888DAF: newterm_sp (in /usr/lib/x86_64-linux-gnu/libncursesw.so.6.3)
==4864==    by 0x48895DC: newterm (in /usr/lib/x86_64-linux-gnu/libncursesw.so.6.3)
==4864==    by 0x488139F: initscr (in /usr/lib/x86_64-linux-gnu/libncursesw.so.6.3)
==4864==    by 0x10BE50: ncurses_init (init.c:187)
==4864==    by 0x10BFFA: main (main.c:33)
==4864== 
==4864== 168 bytes in 1 blocks are still reachable in loss record 58 of 93
==4864==    at 0x484DA83: calloc (in /usr/libexec/valgrind/vgpreload_memcheck-amd64-linux.so)
==4864==    by 0x48BBCD5: ??? (in /usr/lib/x86_64-linux-gnu/libtinfo.so.6.3)
==4864==    by 0x48BF0A8: _nc_tiparm (in /usr/lib/x86_64-linux-gnu/libtinfo.so.6.3)
==4864==    by 0x4888E00: newterm_sp (in /usr/lib/x86_64-linux-gnu/libncursesw.so.6.3)
==4864==    by 0x48895DC: newterm (in /usr/lib/x86_64-linux-gnu/libncursesw.so.6.3)
==4864==    by 0x488139F: initscr (in /usr/lib/x86_64-linux-gnu/libncursesw.so.6.3)
==4864==    by 0x10BE50: ncurses_init (init.c:187)
==4864==    by 0x10BFFA: main (main.c:33)
==4864== 
==4864== 168 bytes in 1 blocks are still reachable in loss record 59 of 93
==4864==    at 0x484DA83: calloc (in /usr/libexec/valgrind/vgpreload_memcheck-amd64-linux.so)
==4864==    by 0x48BBCD5: ??? (in /usr/lib/x86_64-linux-gnu/libtinfo.so.6.3)
==4864==    by 0x48BF0A8: _nc_tiparm (in /usr/lib/x86_64-linux-gnu/libtinfo.so.6.3)
==4864==    by 0x4883506: ??? (in /usr/lib/x86_64-linux-gnu/libncursesw.so.6.3)
==4864==    by 0x488902D: newterm_sp (in /usr/lib/x86_64-linux-gnu/libncursesw.so.6.3)
==4864==    by 0x48895DC: newterm (in /usr/lib/x86_64-linux-gnu/libncursesw.so.6.3)
==4864==    by 0x488139F: initscr (in /usr/lib/x86_64-linux-gnu/libncursesw.so.6.3)
==4864==    by 0x10BE50: ncurses_init (init.c:187)
==4864==    by 0x10BFFA: main (main.c:33)
==4864== 
==4864== 168 bytes in 1 blocks are possibly lost in loss record 60 of 93
==4864==    at 0x484DA83: calloc (in /usr/libexec/valgrind/vgpreload_memcheck-amd64-linux.so)
==4864==    by 0x48BBCD5: ??? (in /usr/lib/x86_64-linux-gnu/libtinfo.so.6.3)
==4864==    by 0x48BF0A8: _nc_tiparm (in /usr/lib/x86_64-linux-gnu/libtinfo.so.6.3)
==4864==    by 0x4875B3B: ??? (in /usr/lib/x86_64-linux-gnu/libncursesw.so.6.3)
==4864==    by 0x4877F0D: ??? (in /usr/lib/x86_64-linux-gnu/libncursesw.so.6.3)
==4864==    by 0x488C990: vid_puts_sp (in /usr/lib/x86_64-linux-gnu/libncursesw.so.6.3)
==4864==    by 0x4892042: ??? (in /usr/lib/x86_64-linux-gnu/libncursesw.so.6.3)
==4864==    by 0x48948F6: ??? (in /usr/lib/x86_64-linux-gnu/libncursesw.so.6.3)
==4864==    by 0x4895D0C: doupdate_sp (in /usr/lib/x86_64-linux-gnu/libncursesw.so.6.3)
==4864==    by 0x10E0D0: draw (tui.c:143)
==4864==    by 0x10C022: main (main.c:36)
==4864== 
==4864== 168 bytes in 1 blocks are possibly lost in loss record 61 of 93
==4864==    at 0x484DA83: calloc (in /usr/libexec/valgrind/vgpreload_memcheck-amd64-linux.so)
==4864==    by 0x48BBCD5: ??? (in /usr/lib/x86_64-linux-gnu/libtinfo.so.6.3)
==4864==    by 0x48BF0A8: _nc_tiparm (in /usr/lib/x86_64-linux-gnu/libtinfo.so.6.3)
==4864==    by 0x4875ABB: ??? (in /usr/lib/x86_64-linux-gnu/libncursesw.so.6.3)
==4864==    by 0x488C990: vid_puts_sp (in /usr/lib/x86_64-linux-gnu/libncursesw.so.6.3)
==4864==    by 0x4892042: ??? (in /usr/lib/x86_64-linux-gnu/libncursesw.so.6.3)
==4864==    by 0x4894CBC: ??? (in /usr/lib/x86_64-linux-gnu/libncursesw.so.6.3)
==4864==    by 0x4895575: doupdate_sp (in /usr/lib/x86_64-linux-gnu/libncursesw.so.6.3)
==4864==    by 0x10E0D0: draw (tui.c:143)
==4864==    by 0x10C10B: main (main.c:53)
==4864== 
==4864== 188 bytes in 1 blocks are still reachable in loss record 62 of 93
==4864==    at 0x4848899: malloc (in /usr/libexec/valgrind/vgpreload_memcheck-amd64-linux.so)
==4864==    by 0x4895D9D: doupdate_sp (in /usr/lib/x86_64-linux-gnu/libncursesw.so.6.3)
==4864==    by 0x10E0D0: draw (tui.c:143)
==4864==    by 0x10C16B: main (main.c:58)
==4864== 
==4864== 296 bytes in 1 blocks are still reachable in loss record 63 of 93
==4864==    at 0x484DA83: calloc (in /usr/libexec/valgrind/vgpreload_memcheck-amd64-linux.so)
==4864==    by 0x4882F55: ??? (in /usr/lib/x86_64-linux-gnu/libncursesw.so.6.3)
==4864==    by 0x48837D1: newwin_sp (in /usr/lib/x86_64-linux-gnu/libncursesw.so.6.3)
==4864==    by 0x48885FE: newterm_sp (in /usr/lib/x86_64-linux-gnu/libncursesw.so.6.3)
==4864==    by 0x48895DC: newterm (in /usr/lib/x86_64-linux-gnu/libncursesw.so.6.3)
==4864==    by 0x488139F: initscr (in /usr/lib/x86_64-linux-gnu/libncursesw.so.6.3)
==4864==    by 0x10BE50: ncurses_init (init.c:187)
==4864==    by 0x10BFFA: main (main.c:33)
==4864== 
==4864== 296 bytes in 1 blocks are still reachable in loss record 64 of 93
==4864==    at 0x484DA83: calloc (in /usr/libexec/valgrind/vgpreload_memcheck-amd64-linux.so)
==4864==    by 0x4882F55: ??? (in /usr/lib/x86_64-linux-gnu/libncursesw.so.6.3)
==4864==    by 0x48837D1: newwin_sp (in /usr/lib/x86_64-linux-gnu/libncursesw.so.6.3)
==4864==    by 0x4888623: newterm_sp (in /usr/lib/x86_64-linux-gnu/libncursesw.so.6.3)
==4864==    by 0x48895DC: newterm (in /usr/lib/x86_64-linux-gnu/libncursesw.so.6.3)
==4864==    by 0x488139F: initscr (in /usr/lib/x86_64-linux-gnu/libncursesw.so.6.3)
==4864==    by 0x10BE50: ncurses_init (init.c:187)
==4864==    by 0x10BFFA: main (main.c:33)
==4864== 
==4864== 296 bytes in 1 blocks are still reachable in loss record 65 of 93
==4864==    at 0x484DA83: calloc (in /usr/libexec/valgrind/vgpreload_memcheck-amd64-linux.so)
==4864==    by 0x4882F55: ??? (in /usr/lib/x86_64-linux-gnu/libncursesw.so.6.3)
==4864==    by 0x48837D1: newwin_sp (in /usr/lib/x86_64-linux-gnu/libncursesw.so.6.3)
==4864==    by 0x48887BC: newterm_sp (in /usr/lib/x86_64-linux-gnu/libncursesw.so.6.3)
==4864==    by 0x48895DC: newterm (in /usr/lib/x86_64-linux-gnu/libncursesw.so.6.3)
==4864==    by 0x488139F: initscr (in /usr/lib/x86_64-linux-gnu/libncursesw.so.6.3)
==4864==    by 0x10BE50: ncurses_init (init.c:187)
==4864==    by 0x10BFFA: main (main.c:33)
==4864== 
==4864== 376 bytes in 1 blocks are still reachable in loss record 66 of 93
==4864==    at 0x484DA83: calloc (in /usr/libexec/valgrind/vgpreload_memcheck-amd64-linux.so)
==4864==    by 0x4896417: doupdate_sp (in /usr/lib/x86_64-linux-gnu/libncursesw.so.6.3)
==4864==    by 0x10E0D0: draw (tui.c:143)
==4864==    by 0x10C16B: main (main.c:58)
==4864== 
==4864== 376 bytes in 1 blocks are still reachable in loss record 67 of 93
==4864==    at 0x484DA83: calloc (in /usr/libexec/valgrind/vgpreload_memcheck-amd64-linux.so)
==4864==    by 0x4895F2C: doupdate_sp (in /usr/lib/x86_64-linux-gnu/libncursesw.so.6.3)
==4864==    by 0x10E0D0: draw (tui.c:143)
==4864==    by 0x10C16B: main (main.c:58)
==4864== 
==4864== 504 bytes in 21 blocks are still reachable in loss record 68 of 93
==4864==    at 0x484DA83: calloc (in /usr/libexec/valgrind/vgpreload_memcheck-amd64-linux.so)
==4864==    by 0x48B7919: _nc_add_to_try (in /usr/lib/x86_64-linux-gnu/libtinfo.so.6.3)
==4864==    by 0x48C4318: _nc_keypad (in /usr/lib/x86_64-linux-gnu/libtinfo.so.6.3)
==4864==    by 0x10BE6E: ncurses_init (init.c:190)
==4864==    by 0x10BFFA: main (main.c:33)
==4864== 
==4864== 512 bytes in 1 blocks are still reachable in loss record 69 of 93
==4864==    at 0x484DA83: calloc (in /usr/libexec/valgrind/vgpreload_memcheck-amd64-linux.so)
==4864==    by 0x4888141: newterm_sp (in /usr/lib/x86_64-linux-gnu/libncursesw.so.6.3)
==4864==    by 0x48895DC: newterm (in /usr/lib/x86_64-linux-gnu/libncursesw.so.6.3)
==4864==    by 0x488139F: initscr (in /usr/lib/x86_64-linux-gnu/libncursesw.so.6.3)
==4864==    by 0x10BE50: ncurses_init (init.c:187)
==4864==    by 0x10BFFA: main (main.c:33)
==4864== 
==4864== 536 bytes in 1 blocks are still reachable in loss record 70 of 93
==4864==    at 0x484DA83: calloc (in /usr/libexec/valgrind/vgpreload_memcheck-amd64-linux.so)
==4864==    by 0x48C338E: _nc_read_termtype (in /usr/lib/x86_64-linux-gnu/libtinfo.so.6.3)
==4864==    by 0x48C353A: ??? (in /usr/lib/x86_64-linux-gnu/libtinfo.so.6.3)
==4864==    by 0x48C5C50: ??? (in /usr/lib/x86_64-linux-gnu/libtinfo.so.6.3)
==4864==    by 0x48C36CB: _nc_read_entry2 (in /usr/lib/x86_64-linux-gnu/libtinfo.so.6.3)
==4864==    by 0x48C3721: ??? (in /usr/lib/x86_64-linux-gnu/libtinfo.so.6.3)
==4864==    by 0x48C3876: _nc_setupterm (in /usr/lib/x86_64-linux-gnu/libtinfo.so.6.3)
==4864==    by 0x48880F2: newterm_sp (in /usr/lib/x86_64-linux-gnu/libncursesw.so.6.3)
==4864==    by 0x48895DC: newterm (in /usr/lib/x86_64-linux-gnu/libncursesw.so.6.3)
==4864==    by 0x488139F: initscr (in /usr/lib/x86_64-linux-gnu/libncursesw.so.6.3)
==4864==    by 0x10BE50: ncurses_init (init.c:187)
==4864==    by 0x10BFFA: main (main.c:33)
==4864== 
==4864== 536 bytes in 1 blocks are still reachable in loss record 71 of 93
==4864==    at 0x4848899: malloc (in /usr/libexec/valgrind/vgpreload_memcheck-amd64-linux.so)
==4864==    by 0x48B8119: ??? (in /usr/lib/x86_64-linux-gnu/libtinfo.so.6.3)
==4864==    by 0x48C388D: _nc_setupterm (in /usr/lib/x86_64-linux-gnu/libtinfo.so.6.3)
==4864==    by 0x48880F2: newterm_sp (in /usr/lib/x86_64-linux-gnu/libncursesw.so.6.3)
==4864==    by 0x48895DC: newterm (in /usr/lib/x86_64-linux-gnu/libncursesw.so.6.3)
==4864==    by 0x488139F: initscr (in /usr/lib/x86_64-linux-gnu/libncursesw.so.6.3)
==4864==    by 0x10BE50: ncurses_init (init.c:187)
==4864==    by 0x10BFFA: main (main.c:33)
==4864== 
==4864== 640 bytes in 1 blocks are still reachable in loss record 72 of 93
==4864==    at 0x484DA83: calloc (in /usr/libexec/valgrind/vgpreload_memcheck-amd64-linux.so)
==4864==    by 0x48770BB: ??? (in /usr/lib/x86_64-linux-gnu/libncursesw.so.6.3)
==4864==    by 0x4877464: start_color_sp (in /usr/lib/x86_64-linux-gnu/libncursesw.so.6.3)
==4864==    by 0x10BE8A: ncurses_init (init.c:194)
==4864==    by 0x10BFFA: main (main.c:33)
==4864== 
==4864== 752 bytes in 1 blocks are still reachable in loss record 73 of 93
==4864==    at 0x484DA83: calloc (in /usr/libexec/valgrind/vgpreload_memcheck-amd64-linux.so)
==4864==    by 0x4882F73: ??? (in /usr/lib/x86_64-linux-gnu/libncursesw.so.6.3)
==4864==    by 0x48837D1: newwin_sp (in /usr/lib/x86_64-linux-gnu/libncursesw.so.6.3)
==4864==    by 0x48885FE: newterm_sp (in /usr/lib/x86_64-linux-gnu/libncursesw.so.6.3)
==4864==    by 0x48895DC: newterm (in /usr/lib/x86_64-linux-gnu/libncursesw.so.6.3)
==4864==    by 0x488139F: initscr (in /usr/lib/x86_64-linux-gnu/libncursesw.so.6.3)
==4864==    by 0x10BE50: ncurses_init (init.c:187)
==4864==    by 0x10BFFA: main (main.c:33)
==4864== 
==4864== 752 bytes in 1 blocks are still reachable in loss record 74 of 93
==4864==    at 0x484DA83: calloc (in /usr/libexec/valgrind/vgpreload_memcheck-amd64-linux.so)
==4864==    by 0x4882F73: ??? (in /usr/lib/x86_64-linux-gnu/libncursesw.so.6.3)
==4864==    by 0x48837D1: newwin_sp (in /usr/lib/x86_64-linux-gnu/libncursesw.so.6.3)
==4864==    by 0x4888623: newterm_sp (in /usr/lib/x86_64-linux-gnu/libncursesw.so.6.3)
==4864==    by 0x48895DC: newterm (in /usr/lib/x86_64-linux-gnu/libncursesw.so.6.3)
==4864==    by 0x488139F: initscr (in /usr/lib/x86_64-linux-gnu/libncursesw.so.6.3)
==4864==    by 0x10BE50: ncurses_init (init.c:187)
==4864==    by 0x10BFFA: main (main.c:33)
==4864== 
==4864== 752 bytes in 1 blocks are still reachable in loss record 75 of 93
==4864==    at 0x484DA83: calloc (in /usr/libexec/valgrind/vgpreload_memcheck-amd64-linux.so)
==4864==    by 0x4882F73: ??? (in /usr/lib/x86_64-linux-gnu/libncursesw.so.6.3)
==4864==    by 0x48837D1: newwin_sp (in /usr/lib/x86_64-linux-gnu/libncursesw.so.6.3)
==4864==    by 0x48887BC: newterm_sp (in /usr/lib/x86_64-linux-gnu/libncursesw.so.6.3)
==4864==    by 0x48895DC: newterm (in /usr/lib/x86_64-linux-gnu/libncursesw.so.6.3)
==4864==    by 0x488139F: initscr (in /usr/lib/x86_64-linux-gnu/libncursesw.so.6.3)
==4864==    by 0x10BE50: ncurses_init (init.c:187)
==4864==    by 0x10BFFA: main (main.c:33)
==4864== 
==4864== 760 bytes in 1 blocks are still reachable in loss record 76 of 93
==4864==    at 0x484DA83: calloc (in /usr/libexec/valgrind/vgpreload_memcheck-amd64-linux.so)
==4864==    by 0x48C3829: _nc_setupterm (in /usr/lib/x86_64-linux-gnu/libtinfo.so.6.3)
==4864==    by 0x48880F2: newterm_sp (in /usr/lib/x86_64-linux-gnu/libncursesw.so.6.3)
==4864==    by 0x48895DC: newterm (in /usr/lib/x86_64-linux-gnu/libncursesw.so.6.3)
==4864==    by 0x488139F: initscr (in /usr/lib/x86_64-linux-gnu/libncursesw.so.6.3)
==4864==    by 0x10BE50: ncurses_init (init.c:187)
==4864==    by 0x10BFFA: main (main.c:33)
==4864== 
==4864== 801 bytes in 1 blocks are still reachable in loss record 77 of 93
==4864==    at 0x4848899: malloc (in /usr/libexec/valgrind/vgpreload_memcheck-amd64-linux.so)
==4864==    by 0x48C3297: _nc_read_termtype (in /usr/lib/x86_64-linux-gnu/libtinfo.so.6.3)
==4864==    by 0x48C353A: ??? (in /usr/lib/x86_64-linux-gnu/libtinfo.so.6.3)
==4864==    by 0x48C5C50: ??? (in /usr/lib/x86_64-linux-gnu/libtinfo.so.6.3)
==4864==    by 0x48C36CB: _nc_read_entry2 (in /usr/lib/x86_64-linux-gnu/libtinfo.so.6.3)
==4864==    by 0x48C3721: ??? (in /usr/lib/x86_64-linux-gnu/libtinfo.so.6.3)
==4864==    by 0x48C3876: _nc_setupterm (in /usr/lib/x86_64-linux-gnu/libtinfo.so.6.3)
==4864==    by 0x48880F2: newterm_sp (in /usr/lib/x86_64-linux-gnu/libncursesw.so.6.3)
==4864==    by 0x48895DC: newterm (in /usr/lib/x86_64-linux-gnu/libncursesw.so.6.3)
==4864==    by 0x488139F: initscr (in /usr/lib/x86_64-linux-gnu/libncursesw.so.6.3)
==4864==    by 0x10BE50: ncurses_init (init.c:187)
==4864==    by 0x10BFFA: main (main.c:33)
==4864== 
==4864== 1,200 bytes in 50 blocks are still reachable in loss record 78 of 93
==4864==    at 0x484DA83: calloc (in /usr/libexec/valgrind/vgpreload_memcheck-amd64-linux.so)
==4864==    by 0x48B7976: _nc_add_to_try (in /usr/lib/x86_64-linux-gnu/libtinfo.so.6.3)
==4864==    by 0x48C4318: _nc_keypad (in /usr/lib/x86_64-linux-gnu/libtinfo.so.6.3)
==4864==    by 0x10BE6E: ncurses_init (init.c:190)
==4864==    by 0x10BFFA: main (main.c:33)
==4864== 
==4864== 1,329 bytes in 1 blocks are still reachable in loss record 79 of 93
==4864==    at 0x4848899: malloc (in /usr/libexec/valgrind/vgpreload_memcheck-amd64-linux.so)
==4864==    by 0x48C2ADD: _nc_read_termtype (in /usr/lib/x86_64-linux-gnu/libtinfo.so.6.3)
==4864==    by 0x48C353A: ??? (in /usr/lib/x86_64-linux-gnu/libtinfo.so.6.3)
==4864==    by 0x48C5C50: ??? (in /usr/lib/x86_64-linux-gnu/libtinfo.so.6.3)
==4864==    by 0x48C36CB: _nc_read_entry2 (in /usr/lib/x86_64-linux-gnu/libtinfo.so.6.3)
==4864==    by 0x48C3721: ??? (in /usr/lib/x86_64-linux-gnu/libtinfo.so.6.3)
==4864==    by 0x48C3876: _nc_setupterm (in /usr/lib/x86_64-linux-gnu/libtinfo.so.6.3)
==4864==    by 0x48880F2: newterm_sp (in /usr/lib/x86_64-linux-gnu/libncursesw.so.6.3)
==4864==    by 0x48895DC: newterm (in /usr/lib/x86_64-linux-gnu/libncursesw.so.6.3)
==4864==    by 0x488139F: initscr (in /usr/lib/x86_64-linux-gnu/libncursesw.so.6.3)
==4864==    by 0x10BE50: ncurses_init (init.c:187)
==4864==    by 0x10BFFA: main (main.c:33)
==4864== 
==4864== 1,624 bytes in 1 blocks are still reachable in loss record 80 of 93
==4864==    at 0x484DA83: calloc (in /usr/libexec/valgrind/vgpreload_memcheck-amd64-linux.so)
==4864==    by 0x48BAACE: new_prescr (in /usr/lib/x86_64-linux-gnu/libtinfo.so.6.3)
==4864==    by 0x48895CB: newterm (in /usr/lib/x86_64-linux-gnu/libncursesw.so.6.3)
==4864==    by 0x488139F: initscr (in /usr/lib/x86_64-linux-gnu/libncursesw.so.6.3)
==4864==    by 0x10BE50: ncurses_init (init.c:187)
==4864==    by 0x10BFFA: main (main.c:33)
==4864== 
==4864== 1,704 bytes in 71 blocks are still reachable in loss record 81 of 93
==4864==    at 0x484DA83: calloc (in /usr/libexec/valgrind/vgpreload_memcheck-amd64-linux.so)
==4864==    by 0x48B7919: _nc_add_to_try (in /usr/lib/x86_64-linux-gnu/libtinfo.so.6.3)
==4864==    by 0x48C4222: _nc_keypad (in /usr/lib/x86_64-linux-gnu/libtinfo.so.6.3)
==4864==    by 0x10BE6E: ncurses_init (init.c:190)
==4864==    by 0x10BFFA: main (main.c:33)
==4864== 
==4864== 2,040 bytes in 85 blocks are still reachable in loss record 82 of 93
==4864==    at 0x484DA83: calloc (in /usr/libexec/valgrind/vgpreload_memcheck-amd64-linux.so)
==4864==    by 0x48B7976: _nc_add_to_try (in /usr/lib/x86_64-linux-gnu/libtinfo.so.6.3)
==4864==    by 0x48C4222: _nc_keypad (in /usr/lib/x86_64-linux-gnu/libtinfo.so.6.3)
==4864==    by 0x10BE6E: ncurses_init (init.c:190)
==4864==    by 0x10BFFA: main (main.c:33)
==4864== 
==4864== 2,304 bytes in 1 blocks are still reachable in loss record 83 of 93
==4864==    at 0x4848899: malloc (in /usr/libexec/valgrind/vgpreload_memcheck-amd64-linux.so)
==4864==    by 0x4895DF1: doupdate_sp (in /usr/lib/x86_64-linux-gnu/libncursesw.so.6.3)
==4864==    by 0x10E0D0: draw (tui.c:143)
==4864==    by 0x10C16B: main (main.c:58)
==4864== 
==4864== 3,584 bytes in 1 blocks are still reachable in loss record 84 of 93
==4864==    at 0x484DA83: calloc (in /usr/libexec/valgrind/vgpreload_memcheck-amd64-linux.so)
==4864==    by 0x4889426: newterm_sp (in /usr/lib/x86_64-linux-gnu/libncursesw.so.6.3)
==4864==    by 0x48895DC: newterm (in /usr/lib/x86_64-linux-gnu/libncursesw.so.6.3)
==4864==    by 0x488139F: initscr (in /usr/lib/x86_64-linux-gnu/libncursesw.so.6.3)
==4864==    by 0x10BE50: ncurses_init (init.c:187)
==4864==    by 0x10BFFA: main (main.c:33)
==4864== 
==4864== 3,824 bytes in 1 blocks are still reachable in loss record 85 of 93
==4864==    at 0x484DCD3: realloc (in /usr/libexec/valgrind/vgpreload_memcheck-amd64-linux.so)
==4864==    by 0x48B86CC: _nc_doalloc (in /usr/lib/x86_64-linux-gnu/libtinfo.so.6.3)
==4864==    by 0x48C31C5: _nc_read_termtype (in /usr/lib/x86_64-linux-gnu/libtinfo.so.6.3)
==4864==    by 0x48C353A: ??? (in /usr/lib/x86_64-linux-gnu/libtinfo.so.6.3)
==4864==    by 0x48C5C50: ??? (in /usr/lib/x86_64-linux-gnu/libtinfo.so.6.3)
==4864==    by 0x48C36CB: _nc_read_entry2 (in /usr/lib/x86_64-linux-gnu/libtinfo.so.6.3)
==4864==    by 0x48C3721: ??? (in /usr/lib/x86_64-linux-gnu/libtinfo.so.6.3)
==4864==    by 0x48C3876: _nc_setupterm (in /usr/lib/x86_64-linux-gnu/libtinfo.so.6.3)
==4864==    by 0x48880F2: newterm_sp (in /usr/lib/x86_64-linux-gnu/libncursesw.so.6.3)
==4864==    by 0x48895DC: newterm (in /usr/lib/x86_64-linux-gnu/libncursesw.so.6.3)
==4864==    by 0x488139F: initscr (in /usr/lib/x86_64-linux-gnu/libncursesw.so.6.3)
==4864==    by 0x10BE50: ncurses_init (init.c:187)
==4864== 
==4864== 3,824 bytes in 1 blocks are still reachable in loss record 86 of 93
==4864==    at 0x4848899: malloc (in /usr/libexec/valgrind/vgpreload_memcheck-amd64-linux.so)
==4864==    by 0x48B7FFF: ??? (in /usr/lib/x86_64-linux-gnu/libtinfo.so.6.3)
==4864==    by 0x48C388D: _nc_setupterm (in /usr/lib/x86_64-linux-gnu/libtinfo.so.6.3)
==4864==    by 0x48880F2: newterm_sp (in /usr/lib/x86_64-linux-gnu/libncursesw.so.6.3)
==4864==    by 0x48895DC: newterm (in /usr/lib/x86_64-linux-gnu/libncursesw.so.6.3)
==4864==    by 0x488139F: initscr (in /usr/lib/x86_64-linux-gnu/libncursesw.so.6.3)
==4864==    by 0x10BE50: ncurses_init (init.c:187)
==4864==    by 0x10BFFA: main (main.c:33)
==4864== 
==4864== 7,168 bytes in 1 blocks are still reachable in loss record 87 of 93
==4864==    at 0x484DA83: calloc (in /usr/libexec/valgrind/vgpreload_memcheck-amd64-linux.so)
==4864==    by 0x48772C4: start_color_sp (in /usr/lib/x86_64-linux-gnu/libncursesw.so.6.3)
==4864==    by 0x10BE8A: ncurses_init (init.c:194)
==4864==    by 0x10BFFA: main (main.c:33)
==4864== 
==4864== 7,952 bytes in 1 blocks are still reachable in loss record 88 of 93
==4864==    at 0x484DA83: calloc (in /usr/libexec/valgrind/vgpreload_memcheck-amd64-linux.so)
==4864==    by 0x48B6C97: ??? (in /usr/lib/x86_64-linux-gnu/libtinfo.so.6.3)
==4864==    by 0x48B83AF: _nc_find_type_entry (in /usr/lib/x86_64-linux-gnu/libtinfo.so.6.3)
==4864==    by 0x48BB07E: tigetflag_sp (in /usr/lib/x86_64-linux-gnu/libtinfo.so.6.3)
==4864==    by 0x489C303: assume_default_colors_sp (in /usr/lib/x86_64-linux-gnu/libncursesw.so.6.3)
==4864==    by 0x10BE8F: ncurses_init (init.c:195)
==4864==    by 0x10BFFA: main (main.c:33)
==4864== 
==4864== 9,871 bytes in 1 blocks are still reachable in loss record 89 of 93
==4864==    at 0x4848899: malloc (in /usr/libexec/valgrind/vgpreload_memcheck-amd64-linux.so)
==4864==    by 0x48833DD: ??? (in /usr/lib/x86_64-linux-gnu/libncursesw.so.6.3)
==4864==    by 0x4889C44: vw_printw (in /usr/lib/x86_64-linux-gnu/libncursesw.so.6.3)
==4864==    by 0x4889F89: mvwprintw (in /usr/lib/x86_64-linux-gnu/libncursesw.so.6.3)
==4864==    by 0x10DA57: draw_window_frame (tui.c:31)
==4864==    by 0x10E02B: draw (tui.c:128)
==4864==    by 0x10C022: main (main.c:36)
==4864== 
==4864== 10,535 bytes in 1 blocks are still reachable in loss record 90 of 93
==4864==    at 0x4848899: malloc (in /usr/libexec/valgrind/vgpreload_memcheck-amd64-linux.so)
==4864==    by 0x48882D1: newterm_sp (in /usr/lib/x86_64-linux-gnu/libncursesw.so.6.3)
==4864==    by 0x48895DC: newterm (in /usr/lib/x86_64-linux-gnu/libncursesw.so.6.3)
==4864==    by 0x488139F: initscr (in /usr/lib/x86_64-linux-gnu/libncursesw.so.6.3)
==4864==    by 0x10BE50: ncurses_init (init.c:187)
==4864==    by 0x10BFFA: main (main.c:33)
==4864== 
==4864== 275,044 bytes in 47 blocks are still reachable in loss record 91 of 93
==4864==    at 0x484DA83: calloc (in /usr/libexec/valgrind/vgpreload_memcheck-amd64-linux.so)
==4864==    by 0x4883818: newwin_sp (in /usr/lib/x86_64-linux-gnu/libncursesw.so.6.3)
==4864==    by 0x48885FE: newterm_sp (in /usr/lib/x86_64-linux-gnu/libncursesw.so.6.3)
==4864==    by 0x48895DC: newterm (in /usr/lib/x86_64-linux-gnu/libncursesw.so.6.3)
==4864==    by 0x488139F: initscr (in /usr/lib/x86_64-linux-gnu/libncursesw.so.6.3)
==4864==    by 0x10BE50: ncurses_init (init.c:187)
==4864==    by 0x10BFFA: main (main.c:33)
==4864== 
==4864== 275,044 bytes in 47 blocks are still reachable in loss record 92 of 93
==4864==    at 0x484DA83: calloc (in /usr/libexec/valgrind/vgpreload_memcheck-amd64-linux.so)
==4864==    by 0x4883818: newwin_sp (in /usr/lib/x86_64-linux-gnu/libncursesw.so.6.3)
==4864==    by 0x4888623: newterm_sp (in /usr/lib/x86_64-linux-gnu/libncursesw.so.6.3)
==4864==    by 0x48895DC: newterm (in /usr/lib/x86_64-linux-gnu/libncursesw.so.6.3)
==4864==    by 0x488139F: initscr (in /usr/lib/x86_64-linux-gnu/libncursesw.so.6.3)
==4864==    by 0x10BE50: ncurses_init (init.c:187)
==4864==    by 0x10BFFA: main (main.c:33)
==4864== 
==4864== 275,044 bytes in 47 blocks are still reachable in loss record 93 of 93
==4864==    at 0x484DA83: calloc (in /usr/libexec/valgrind/vgpreload_memcheck-amd64-linux.so)
==4864==    by 0x4883818: newwin_sp (in /usr/lib/x86_64-linux-gnu/libncursesw.so.6.3)
==4864==    by 0x48887BC: newterm_sp (in /usr/lib/x86_64-linux-gnu/libncursesw.so.6.3)
==4864==    by 0x48895DC: newterm (in /usr/lib/x86_64-linux-gnu/libncursesw.so.6.3)
==4864==    by 0x488139F: initscr (in /usr/lib/x86_64-linux-gnu/libncursesw.so.6.3)
==4864==    by 0x10BE50: ncurses_init (init.c:187)
==4864==    by 0x10BFFA: main (main.c:33)
==4864== 
==4864== LEAK SUMMARY:
==4864==    definitely lost: 0 bytes in 0 blocks
==4864==    indirectly lost: 0 bytes in 0 blocks
==4864==      possibly lost: 607 bytes in 10 blocks
==4864==    still reachable: 893,507 bytes in 444 blocks
==4864==         suppressed: 0 bytes in 0 blocks
==4864== 
==4864== For lists of detected and suppressed errors, rerun with: -s
==4864== ERROR SUMMARY: 10 errors from 10 contexts (suppressed: 0 from 0)
